../Drivers/CMSIS/Include/core_cm4.h:1648:22:__NVIC_SetPriorityGrouping	1
../Drivers/CMSIS/Include/core_cm4.h:1667:26:__NVIC_GetPriorityGrouping	1
../Drivers/CMSIS/Include/core_cm4.h:1809:22:__NVIC_SetPriority	2
../Drivers/CMSIS/Include/core_cm4.h:1856:26:NVIC_EncodePriority	2
../Drivers/STM32WBxx_HAL_Driver/Inc/stm32wbxx_ll_rcc.h:1318:22:LL_RCC_HSE_Enable	1
../Drivers/STM32WBxx_HAL_Driver/Inc/stm32wbxx_ll_rcc.h:1338:26:LL_RCC_HSE_IsReady	2
../Drivers/STM32WBxx_HAL_Driver/Inc/stm32wbxx_ll_rcc.h:1480:22:LL_RCC_HSI_Enable	1
../Drivers/STM32WBxx_HAL_Driver/Inc/stm32wbxx_ll_rcc.h:1500:26:LL_RCC_HSI_IsReady	2
../Drivers/STM32WBxx_HAL_Driver/Inc/stm32wbxx_ll_rcc.h:2058:22:LL_RCC_SetSysClkSource	1
../Drivers/STM32WBxx_HAL_Driver/Inc/stm32wbxx_ll_rcc.h:2072:26:LL_RCC_GetSysClkSource	1
../Drivers/STM32WBxx_HAL_Driver/Inc/stm32wbxx_ll_rcc.h:2101:22:LL_RCC_SetRFWKPClockSource	1
../Drivers/STM32WBxx_HAL_Driver/Inc/stm32wbxx_ll_rcc.h:2152:22:LL_RCC_SetAHBPrescaler	1
../Drivers/STM32WBxx_HAL_Driver/Inc/stm32wbxx_ll_rcc.h:2177:22:LL_C2_RCC_SetAHBPrescaler	1
../Drivers/STM32WBxx_HAL_Driver/Inc/stm32wbxx_ll_rcc.h:2202:22:LL_RCC_SetAHB4Prescaler	1
../Drivers/STM32WBxx_HAL_Driver/Inc/stm32wbxx_ll_rcc.h:2218:22:LL_RCC_SetAPB1Prescaler	1
../Drivers/STM32WBxx_HAL_Driver/Inc/stm32wbxx_ll_rcc.h:2234:22:LL_RCC_SetAPB2Prescaler	1
../Drivers/STM32WBxx_HAL_Driver/Inc/stm32wbxx_ll_rcc.h:2388:22:LL_RCC_SetSMPSClockSource	1
../Drivers/STM32WBxx_HAL_Driver/Inc/stm32wbxx_ll_rcc.h:2431:22:LL_RCC_SetSMPSPrescaler	1
../Drivers/STM32WBxx_HAL_Driver/Inc/stm32wbxx_ll_rcc.h:2507:22:LL_RCC_SetUSARTClockSource	1
../Drivers/STM32WBxx_HAL_Driver/Inc/stm32wbxx_ll_rcc.h:2942:22:LL_RCC_PLL_Enable	1
../Drivers/STM32WBxx_HAL_Driver/Inc/stm32wbxx_ll_rcc.h:2963:26:LL_RCC_PLL_IsReady	2
../Drivers/STM32WBxx_HAL_Driver/Inc/stm32wbxx_ll_rcc.h:2999:22:LL_RCC_PLL_ConfigDomain_SYS	1
../Drivers/STM32WBxx_HAL_Driver/Inc/stm32wbxx_ll_rcc.h:3385:22:LL_RCC_PLL_EnableDomain_SYS	1
../Drivers/STM32WBxx_HAL_Driver/Inc/stm32wbxx_ll_bus.h:539:22:LL_AHB2_GRP1_EnableClock	1
../Drivers/STM32WBxx_HAL_Driver/Inc/stm32wbxx_ll_bus.h:1274:22:LL_APB2_GRP1_EnableClock	1
../Drivers/STM32WBxx_HAL_Driver/Inc/stm32wbxx_ll_system.h:1976:22:LL_FLASH_SetLatency	1
../Drivers/STM32WBxx_HAL_Driver/Inc/stm32wbxx_ll_system.h:1990:26:LL_FLASH_GetLatency	1
../Drivers/STM32WBxx_HAL_Driver/Inc/stm32wbxx_ll_usart.h:635:22:LL_USART_Enable	1
../Drivers/STM32WBxx_HAL_Driver/Inc/stm32wbxx_ll_usart.h:686:22:LL_USART_DisableFIFO	1
../Drivers/STM32WBxx_HAL_Driver/Inc/stm32wbxx_ll_usart.h:719:22:LL_USART_SetTXFIFOThreshold	2
../Drivers/STM32WBxx_HAL_Driver/Inc/stm32wbxx_ll_usart.h:758:22:LL_USART_SetRXFIFOThreshold	2
../Drivers/STM32WBxx_HAL_Driver/Inc/stm32wbxx_ll_usart.h:2674:22:LL_USART_ConfigAsyncMode	1
../Drivers/STM32WBxx_HAL_Driver/Inc/stm32wbxx_ll_usart.h:3194:26:LL_USART_IsActiveFlag_TEACK	2
../Drivers/STM32WBxx_HAL_Driver/Inc/stm32wbxx_ll_usart.h:3205:26:LL_USART_IsActiveFlag_REACK	2
../Core/Src/main.c:66:5:main	1
../Core/Src/main.c:119:6:SystemClock_Config	6
../Core/Src/main.c:177:6:PeriphCommonClock_Config	1
../Core/Src/main.c:192:13:MX_USART1_UART_Init	3
../Core/Src/main.c:259:13:MX_GPIO_Init	1
../Core/Src/main.c:281:6:Error_Handler	1
../Core/Src/main.c:300:6:assert_failed	1
