Archive member included to satisfy reference by file (symbol)

C:/ST/STM32CubeIDE_1.16.1/STM32CubeIDE/plugins/com.st.stm32cube.ide.mcu.externaltools.gnu-tools-for-stm32.12.3.rel1.win32_1.0.200.202406191623/tools/bin/../lib/gcc/arm-none-eabi/12.3.1/../../../../arm-none-eabi/lib/thumb/v7e-m+fp/hard\libc_nano.a(libc_a-exit.o)
                              C:/ST/STM32CubeIDE_1.16.1/STM32CubeIDE/plugins/com.st.stm32cube.ide.mcu.externaltools.gnu-tools-for-stm32.12.3.rel1.win32_1.0.200.202406191623/tools/bin/../lib/gcc/arm-none-eabi/12.3.1/../../../../arm-none-eabi/lib/thumb/v7e-m+fp/hard/crt0.o (exit)
C:/ST/STM32CubeIDE_1.16.1/STM32CubeIDE/plugins/com.st.stm32cube.ide.mcu.externaltools.gnu-tools-for-stm32.12.3.rel1.win32_1.0.200.202406191623/tools/bin/../lib/gcc/arm-none-eabi/12.3.1/../../../../arm-none-eabi/lib/thumb/v7e-m+fp/hard\libc_nano.a(libc_a-findfp.o)
                              C:/ST/STM32CubeIDE_1.16.1/STM32CubeIDE/plugins/com.st.stm32cube.ide.mcu.externaltools.gnu-tools-for-stm32.12.3.rel1.win32_1.0.200.202406191623/tools/bin/../lib/gcc/arm-none-eabi/12.3.1/../../../../arm-none-eabi/lib/thumb/v7e-m+fp/hard\libc_nano.a(libc_a-exit.o) (__stdio_exit_handler)
C:/ST/STM32CubeIDE_1.16.1/STM32CubeIDE/plugins/com.st.stm32cube.ide.mcu.externaltools.gnu-tools-for-stm32.12.3.rel1.win32_1.0.200.202406191623/tools/bin/../lib/gcc/arm-none-eabi/12.3.1/../../../../arm-none-eabi/lib/thumb/v7e-m+fp/hard\libc_nano.a(libc_a-fwalk.o)
                              C:/ST/STM32CubeIDE_1.16.1/STM32CubeIDE/plugins/com.st.stm32cube.ide.mcu.externaltools.gnu-tools-for-stm32.12.3.rel1.win32_1.0.200.202406191623/tools/bin/../lib/gcc/arm-none-eabi/12.3.1/../../../../arm-none-eabi/lib/thumb/v7e-m+fp/hard\libc_nano.a(libc_a-findfp.o) (_fwalk_sglue)
C:/ST/STM32CubeIDE_1.16.1/STM32CubeIDE/plugins/com.st.stm32cube.ide.mcu.externaltools.gnu-tools-for-stm32.12.3.rel1.win32_1.0.200.202406191623/tools/bin/../lib/gcc/arm-none-eabi/12.3.1/../../../../arm-none-eabi/lib/thumb/v7e-m+fp/hard\libc_nano.a(libc_a-stdio.o)
                              C:/ST/STM32CubeIDE_1.16.1/STM32CubeIDE/plugins/com.st.stm32cube.ide.mcu.externaltools.gnu-tools-for-stm32.12.3.rel1.win32_1.0.200.202406191623/tools/bin/../lib/gcc/arm-none-eabi/12.3.1/../../../../arm-none-eabi/lib/thumb/v7e-m+fp/hard\libc_nano.a(libc_a-findfp.o) (__sread)
C:/ST/STM32CubeIDE_1.16.1/STM32CubeIDE/plugins/com.st.stm32cube.ide.mcu.externaltools.gnu-tools-for-stm32.12.3.rel1.win32_1.0.200.202406191623/tools/bin/../lib/gcc/arm-none-eabi/12.3.1/../../../../arm-none-eabi/lib/thumb/v7e-m+fp/hard\libc_nano.a(libc_a-memset.o)
                              C:/ST/STM32CubeIDE_1.16.1/STM32CubeIDE/plugins/com.st.stm32cube.ide.mcu.externaltools.gnu-tools-for-stm32.12.3.rel1.win32_1.0.200.202406191623/tools/bin/../lib/gcc/arm-none-eabi/12.3.1/../../../../arm-none-eabi/lib/thumb/v7e-m+fp/hard/crt0.o (memset)
C:/ST/STM32CubeIDE_1.16.1/STM32CubeIDE/plugins/com.st.stm32cube.ide.mcu.externaltools.gnu-tools-for-stm32.12.3.rel1.win32_1.0.200.202406191623/tools/bin/../lib/gcc/arm-none-eabi/12.3.1/../../../../arm-none-eabi/lib/thumb/v7e-m+fp/hard\libc_nano.a(libc_a-closer.o)
                              C:/ST/STM32CubeIDE_1.16.1/STM32CubeIDE/plugins/com.st.stm32cube.ide.mcu.externaltools.gnu-tools-for-stm32.12.3.rel1.win32_1.0.200.202406191623/tools/bin/../lib/gcc/arm-none-eabi/12.3.1/../../../../arm-none-eabi/lib/thumb/v7e-m+fp/hard\libc_nano.a(libc_a-stdio.o) (_close_r)
C:/ST/STM32CubeIDE_1.16.1/STM32CubeIDE/plugins/com.st.stm32cube.ide.mcu.externaltools.gnu-tools-for-stm32.12.3.rel1.win32_1.0.200.202406191623/tools/bin/../lib/gcc/arm-none-eabi/12.3.1/../../../../arm-none-eabi/lib/thumb/v7e-m+fp/hard\libc_nano.a(libc_a-reent.o)
                              C:/ST/STM32CubeIDE_1.16.1/STM32CubeIDE/plugins/com.st.stm32cube.ide.mcu.externaltools.gnu-tools-for-stm32.12.3.rel1.win32_1.0.200.202406191623/tools/bin/../lib/gcc/arm-none-eabi/12.3.1/../../../../arm-none-eabi/lib/thumb/v7e-m+fp/hard\libc_nano.a(libc_a-closer.o) (errno)
C:/ST/STM32CubeIDE_1.16.1/STM32CubeIDE/plugins/com.st.stm32cube.ide.mcu.externaltools.gnu-tools-for-stm32.12.3.rel1.win32_1.0.200.202406191623/tools/bin/../lib/gcc/arm-none-eabi/12.3.1/../../../../arm-none-eabi/lib/thumb/v7e-m+fp/hard\libc_nano.a(libc_a-impure.o)
                              C:/ST/STM32CubeIDE_1.16.1/STM32CubeIDE/plugins/com.st.stm32cube.ide.mcu.externaltools.gnu-tools-for-stm32.12.3.rel1.win32_1.0.200.202406191623/tools/bin/../lib/gcc/arm-none-eabi/12.3.1/../../../../arm-none-eabi/lib/thumb/v7e-m+fp/hard\libc_nano.a(libc_a-reent.o) (_impure_ptr)
C:/ST/STM32CubeIDE_1.16.1/STM32CubeIDE/plugins/com.st.stm32cube.ide.mcu.externaltools.gnu-tools-for-stm32.12.3.rel1.win32_1.0.200.202406191623/tools/bin/../lib/gcc/arm-none-eabi/12.3.1/../../../../arm-none-eabi/lib/thumb/v7e-m+fp/hard\libc_nano.a(libc_a-lseekr.o)
[...]
Memory Configuration

Name             Origin             Length             Attributes
FLASH            0x08000000         0x00080000         xr
RAM              0x20000008         0x0002fff8         xrw
RAM_SHARED       0x20030000         0x00002800         xrw
*default*        0x00000000         0xffffffff

Linker script and memory map

LOAD C:/ST/STM32CubeIDE_1.16.1/STM32CubeIDE/plugins/com.st.stm32cube.ide.mcu.externaltools.gnu-tools-for-stm32.12.3.rel1.win32_1.0.200.202406191623/tools/bin/../lib/gcc/arm-none-eabi/12.3.1/thumb/v7e-m+fp/hard/crti.o
LOAD C:/ST/STM32CubeIDE_1.16.1/STM32CubeIDE/plugins/com.st.stm32cube.ide.mcu.externaltools.gnu-tools-for-stm32.12.3.rel1.win32_1.0.200.202406191623/tools/bin/../lib/gcc/arm-none-eabi/12.3.1/thumb/v7e-m+fp/hard/crtbegin.o
LOAD C:/ST/STM32CubeIDE_1.16.1/STM32CubeIDE/plugins/com.st.stm32cube.ide.mcu.externaltools.gnu-tools-for-stm32.12.3.rel1.win32_1.0.200.202406191623/tools/bin/../lib/gcc/arm-none-eabi/12.3.1/../../../../arm-none-eabi/lib/thumb/v7e-m+fp/hard/crt0.o
LOAD ./Core/Src/main.o
LOAD ./Core/Src/stm32wbxx_it.o
LOAD ./Core/Src/syscalls.o
LOAD ./Core/Src/sysmem.o
LOAD ./Core/Src/system_stm32wbxx.o
LOAD ./Core/Startup/startup_stm32wb55rgvx.o
LOAD ./Drivers/STM32WBxx_HAL_Driver/Src/stm32wbxx_ll_dma.o
LOAD ./Drivers/STM32WBxx_HAL_Driver/Src/stm32wbxx_ll_exti.o
LOAD ./Drivers/STM32WBxx_HAL_Driver/Src/stm32wbxx_ll_gpio.o
LOAD ./Drivers/STM32WBxx_HAL_Driver/Src/stm32wbxx_ll_pwr.o
LOAD ./Drivers/STM32WBxx_HAL_Driver/Src/stm32wbxx_ll_rcc.o
LOAD ./Drivers/STM32WBxx_HAL_Driver/Src/stm32wbxx_ll_usart.o
LOAD ./Drivers/STM32WBxx_HAL_Driver/Src/stm32wbxx_ll_utils.o
START GROUP
LOAD C:/ST/STM32CubeIDE_1.16.1/STM32CubeIDE/plugins/com.st.stm32cube.ide.mcu.externaltools.gnu-tools-for-stm32.12.3.rel1.win32_1.0.200.202406191623/tools/bin/../lib/gcc/arm-none-eabi/12.3.1/../../../../arm-none-eabi/lib/thumb/v7e-m+fp/hard\libc_nano.a
LOAD C:/ST/STM32CubeIDE_1.16.1/STM32CubeIDE/plugins/com.st.stm32cube.ide.mcu.externaltools.gnu-tools-for-stm32.12.3.rel1.win32_1.0.200.202406191623/tools/bin/../lib/gcc/arm-none-eabi/12.3.1/../../../../arm-none-eabi/lib/thumb/v7e-m+fp/hard\libm.a
END GROUP
START GROUP
LOAD C:/ST/STM32CubeIDE_1.16.1/STM32CubeIDE/plugins/com.st.stm32cube.ide.mcu.externaltools.gnu-tools-for-stm32.12.3.rel1.win32_1.0.200.202406191623/tools/bin/../lib/gcc/arm-none-eabi/12.3.1/thumb/v7e-m+fp/hard\libgcc.a
LOAD C:/ST/STM32CubeIDE_1.16.1/STM32CubeIDE/plugins/com.st.stm32cube.ide.mcu.externaltools.gnu-tools-for-stm32.12.3.rel1.win32_1.0.200.202406191623/tools/bin/../lib/gcc/arm-none-eabi/12.3.1/../../../../arm-none-eabi/lib/thumb/v7e-m+fp/hard\libc_nano.a
END GROUP
START GROUP
LOAD C:/ST/STM32CubeIDE_1.16.1/STM32CubeIDE/plugins/com.st.stm32cube.ide.mcu.externaltools.gnu-tools-for-stm32.12.3.rel1.win32_1.0.200.202406191623/tools/bin/../lib/gcc/arm-none-eabi/12.3.1/thumb/v7e-m+fp/hard\libgcc.a
LOAD C:/ST/STM32CubeIDE_1.16.1/STM32CubeIDE/plugins/com.st.stm32cube.ide.mcu.externaltools.gnu-tools-for-stm32.12.3.rel1.win32_1.0.200.202406191623/tools/bin/../lib/gcc/arm-none-eabi/12.3.1/../../../../arm-none-eabi/lib/thumb/v7e-m+fp/hard\libc_nano.a
LOAD C:/ST/STM32CubeIDE_1.16.1/STM32CubeIDE/plugins/com.st.stm32cube.ide.mcu.externaltools.gnu-tools-for-stm32.12.3.rel1.win32_1.0.200.202406191623/tools/bin/../lib/gcc/arm-none-eabi/12.3.1/../../../../arm-none-eabi/lib/thumb/v7e-m+fp/hard\libnosys.a
END GROUP
START GROUP
LOAD C:/ST/STM32CubeIDE_1.16.1/STM32CubeIDE/plugins/com.st.stm32cube.ide.mcu.externaltools.gnu-tools-for-stm32.12.3.rel1.win32_1.0.200.202406191623/tools/bin/../lib/gcc/arm-none-eabi/12.3.1/thumb/v7e-m+fp/hard\libgcc.a
LOAD C:/ST/STM32CubeIDE_1.16.1/STM32CubeIDE/plugins/com.st.stm32cube.ide.mcu.externaltools.gnu-tools-for-stm32.12.3.rel1.win32_1.0.200.202406191623/tools/bin/../lib/gcc/arm-none-eabi/12.3.1/../../../../arm-none-eabi/lib/thumb/v7e-m+fp/hard\libc_nano.a
LOAD C:/ST/STM32CubeIDE_1.16.1/STM32CubeIDE/plugins/com.st.stm32cube.ide.mcu.externaltools.gnu-tools-for-stm32.12.3.rel1.win32_1.0.200.202406191623/tools/bin/../lib/gcc/arm-none-eabi/12.3.1/../../../../arm-none-eabi/lib/thumb/v7e-m+fp/hard\libnosys.a
END GROUP
LOAD C:/ST/STM32CubeIDE_1.16.1/STM32CubeIDE/plugins/com.st.stm32cube.ide.mcu.externaltools.gnu-tools-for-stm32.12.3.rel1.win32_1.0.200.202406191623/tools/bin/../lib/gcc/arm-none-eabi/12.3.1/thumb/v7e-m+fp/hard/crtend.o
LOAD C:/ST/STM32CubeIDE_1.16.1/STM32CubeIDE/plugins/com.st.stm32cube.ide.mcu.externaltools.gnu-tools-for-stm32.12.3.rel1.win32_1.0.200.202406191623/tools/bin/../lib/gcc/arm-none-eabi/12.3.1/thumb/v7e-m+fp/hard/crtn.o
                0x20030000                        _estack = (ORIGIN (RAM) + LENGTH (RAM))
                0x00000200                        _Min_Heap_Size = 0x200
                0x00000400                        _Min_Stack_Size = 0x400

.isr_vector     0x08000000      0x13c
                0x08000000                        . = ALIGN (0x4)
 *(.isr_vector)
 .isr_vector    0x08000000      0x13c ./Core/Startup/startup_stm32wb55rgvx.o
                0x08000000                g_pfnVectors
                0x0800013c                        . = ALIGN (0x4)

.text           0x0800013c     0x16c4
                0x0800013c                        . = ALIGN (0x4)
 *(.text)
 .text          0x0800013c       0x40 C:/ST/STM32CubeIDE_1.16.1/STM32CubeIDE/plugins/com.st.stm32cube.ide.mcu.externaltools.gnu-tools-for-stm32.12.3.rel1.win32_1.0.200.202406191623/tools/bin/../lib/gcc/arm-none-eabi/12.3.1/thumb/v7e-m+fp/hard/crtbegin.o
 *(.text*)
 .text.__NVIC_SetPriorityGrouping
                0x0800017c       0x48 ./Core/Src/main.o
 .text.__NVIC_GetPriorityGrouping
                0x080001c4       0x1c ./Core/Src/main.o
 .text.__NVIC_SetPriority
                0x080001e0       0x54 ./Core/Src/main.o
 .text.NVIC_EncodePriority
                0x08000234       0x66 ./Core/Src/main.o
 .text.LL_RCC_HSE_Enable
                0x0800029a       0x1e ./Core/Src/main.o
 .text.LL_RCC_HSE_IsReady
                0x080002b8       0x24 ./Core/Src/main.o
 .text.LL_RCC_HSI_Enable
                0x080002dc       0x1e ./Core/Src/main.o
 .text.LL_RCC_HSI_IsReady
                0x080002fa       0x24 ./Core/Src/main.o
 .text.LL_RCC_SetSysClkSource
                0x0800031e       0x28 ./Core/Src/main.o
 .text.LL_RCC_GetSysClkSource
                0x08000346       0x18 ./Core/Src/main.o
 .text.LL_RCC_SetRFWKPClockSource
                0x0800035e       0x2c ./Core/Src/main.o
 .text.LL_RCC_SetAHBPrescaler
                0x0800038a       0x28 ./Core/Src/main.o
 .text.LL_C2_RCC_SetAHBPrescaler
                0x080003b2       0x2c ./Core/Src/main.o
 .text.LL_RCC_SetAHB4Prescaler
                0x080003de       0x2e ./Core/Src/main.o
 .text.LL_RCC_SetAPB1Prescaler
                0x0800040c       0x28 ./Core/Src/main.o
 .text.LL_RCC_SetAPB2Prescaler
                0x08000434       0x28 ./Core/Src/main.o
 .text.LL_RCC_SetSMPSClockSource
                0x0800045c       0x28 ./Core/Src/main.o
 .text.LL_RCC_SetSMPSPrescaler
                0x08000484       0x28 ./Core/Src/main.o
 .text.LL_RCC_SetUSARTClockSource
                0x080004ac       0x2c ./Core/Src/main.o
 .text.LL_RCC_PLL_Enable
                0x080004d8       0x1e ./Core/Src/main.o
 .text.LL_RCC_PLL_IsReady
                0x080004f6       0x24 ./Core/Src/main.o
 *fill*         0x0800051a        0x2 
 .text.LL_RCC_PLL_ConfigDomain_SYS
                0x0800051c       0x40 ./Core/Src/main.o
 .text.LL_RCC_PLL_EnableDomain_SYS
                0x0800055c       0x1e ./Core/Src/main.o
 .text.LL_AHB2_GRP1_EnableClock
                0x0800057a       0x32 ./Core/Src/main.o
 .text.LL_APB2_GRP1_EnableClock
                0x080005ac       0x32 ./Core/Src/main.o
 *fill*         0x080005de        0x2 
 .text.LL_FLASH_SetLatency
                0x080005e0       0x28 ./Core/Src/main.o
 .text.LL_FLASH_GetLatency
                0x08000608       0x1c ./Core/Src/main.o
 .text.LL_USART_Enable
                0x08000624       0x20 ./Core/Src/main.o
 .text.LL_USART_DisableFIFO
                0x08000644       0x20 ./Core/Src/main.o
 .text.LL_USART_SetTXFIFOThreshold
                0x08000664       0x4e ./Core/Src/main.o
 .text.LL_USART_SetRXFIFOThreshold
                0x080006b2       0x4e ./Core/Src/main.o
 .text.LL_USART_ConfigAsyncMode
                0x08000700       0x2c ./Core/Src/main.o
 .text.LL_USART_IsActiveFlag_TEACK
                0x0800072c       0x28 ./Core/Src/main.o
 .text.LL_USART_IsActiveFlag_REACK
                0x08000754       0x28 ./Core/Src/main.o
 .text.main     0x0800077c       0x3a ./Core/Src/main.o
                0x0800077c                main
 *fill*         0x080007b6        0x2 
 .text.SystemClock_Config
                0x080007b8       0x9c ./Core/Src/main.o
                0x080007b8                SystemClock_Config
 .text.PeriphCommonClock_Config
                0x08000854       0x1a ./Core/Src/main.o
                0x08000854                PeriphCommonClock_Config
 *fill*         0x0800086e        0x2 
 .text.MX_USART1_UART_Init
                0x08000870       0xd8 ./Core/Src/main.o
 .text.MX_GPIO_Init
                0x08000948       0x1a ./Core/Src/main.o
 .text.assert_failed
                0x08000962       0x16 ./Core/Src/main.o
                0x08000962                assert_failed
 .text.NMI_Handler
                0x08000978        0x8 ./Core/Src/stm32wbxx_it.o
                0x08000978                NMI_Handler
 .text.HardFault_Handler
                0x08000980        0x8 ./Core/Src/stm32wbxx_it.o
                0x08000980                HardFault_Handler
 .text.MemManage_Handler
                0x08000988        0x8 ./Core/Src/stm32wbxx_it.o
                0x08000988                MemManage_Handler
 .text.BusFault_Handler
                0x08000990        0x8 ./Core/Src/stm32wbxx_it.o
                0x08000990                BusFault_Handler
 .text.UsageFault_Handler
                0x08000998        0x8 ./Core/Src/stm32wbxx_it.o
                0x08000998                UsageFault_Handler
 .text.SVC_Handler
                0x080009a0        0xe ./Core/Src/stm32wbxx_it.o
                0x080009a0                SVC_Handler
 .text.DebugMon_Handler
                0x080009ae        0xe ./Core/Src/stm32wbxx_it.o
                0x080009ae                DebugMon_Handler
 .text.PendSV_Handler
                0x080009bc        0xe ./Core/Src/stm32wbxx_it.o
                0x080009bc                PendSV_Handler
 .text.SysTick_Handler
                0x080009ca        0xe ./Core/Src/stm32wbxx_it.o
                0x080009ca                SysTick_Handler
 .text.SystemInit
                0x080009d8       0xa4 ./Core/Src/system_stm32wbxx.o
                0x080009d8                SystemInit
 .text.data_initializers
                0x08000a7c       0x18 ./Core/Startup/startup_stm32wb55rgvx.o
 .text.Reset_Handler
                0x08000a94       0x58 ./Core/Startup/startup_stm32wb55rgvx.o
                0x08000a94                Reset_Handler
 .text.Default_Handler
                0x08000aec        0x2 ./Core/Startup/startup_stm32wb55rgvx.o
                0x08000aec                RTC_Alarm_IRQHandler
                0x08000aec                EXTI2_IRQHandler
                0x08000aec                TIM1_CC_IRQHandler
                0x08000aec                TSC_IRQHandler
                0x08000aec                USB_HP_IRQHandler
                0x08000aec                EXTI3_IRQHandler
                0x08000aec                LPTIM2_IRQHandler
                0x08000aec                I2C3_ER_IRQHandler
                0x08000aec                EXTI0_IRQHandler
                0x08000aec                FPU_IRQHandler
                0x08000aec                TIM1_UP_TIM16_IRQHandler
                0x08000aec                AES1_IRQHandler
                0x08000aec                SPI1_IRQHandler
                0x08000aec                PWR_SOTF_BLEACT_802ACT_RFPHASE_IRQHandler
                0x08000aec                DMA2_Channel2_IRQHandler
                0x08000aec                DMA1_Channel4_IRQHandler
                0x08000aec                ADC1_IRQHandler
                0x08000aec                PKA_IRQHandler
                0x08000aec                DMA1_Channel7_IRQHandler
                0x08000aec                LCD_IRQHandler
                0x08000aec                IPCC_C1_TX_IRQHandler
                0x08000aec                DMA2_Channel1_IRQHandler
                0x08000aec                QUADSPI_IRQHandler
                0x08000aec                I2C1_EV_IRQHandler
                0x08000aec                DMAMUX1_OVR_IRQHandler
                0x08000aec                DMA1_Channel6_IRQHandler
                0x08000aec                DMA2_Channel4_IRQHandler
                0x08000aec                RCC_IRQHandler
                0x08000aec                DMA1_Channel1_IRQHandler
                0x08000aec                Default_Handler
                0x08000aec                DMA2_Channel7_IRQHandler
                0x08000aec                EXTI15_10_IRQHandler
                0x08000aec                IPCC_C1_RX_IRQHandler
                0x08000aec                C2SEV_PWR_C2H_IRQHandler
                0x08000aec                AES2_IRQHandler
                0x08000aec                I2C3_EV_IRQHandler
                0x08000aec                EXTI9_5_IRQHandler
                0x08000aec                RTC_WKUP_IRQHandler
                0x08000aec                PVD_PVM_IRQHandler
                0x08000aec                SPI2_IRQHandler
                0x08000aec                DMA2_Channel5_IRQHandler
                0x08000aec                CRS_IRQHandler
                0x08000aec                DMA1_Channel5_IRQHandler
                0x08000aec                USB_LP_IRQHandler
                0x08000aec                EXTI4_IRQHandler
                0x08000aec                RNG_IRQHandler
                0x08000aec                TIM1_TRG_COM_TIM17_IRQHandler
                0x08000aec                TAMP_STAMP_LSECSS_IRQHandler
                0x08000aec                DMA1_Channel3_IRQHandler
                0x08000aec                COMP_IRQHandler
                0x08000aec                HSEM_IRQHandler
                0x08000aec                WWDG_IRQHandler
                0x08000aec                LPUART1_IRQHandler
                0x08000aec                DMA2_Channel6_IRQHandler
                0x08000aec                TIM2_IRQHandler
                0x08000aec                TIM1_BRK_IRQHandler
                0x08000aec                EXTI1_IRQHandler
                0x08000aec                DMA1_Channel2_IRQHandler
                0x08000aec                FLASH_IRQHandler
                0x08000aec                USART1_IRQHandler
                0x08000aec                I2C1_ER_IRQHandler
                0x08000aec                LPTIM1_IRQHandler
                0x08000aec                SAI1_IRQHandler
                0x08000aec                DMA2_Channel3_IRQHandler
 .text.LL_GPIO_SetPinMode
                0x08000aee       0x7a ./Drivers/STM32WBxx_HAL_Driver/Src/stm32wbxx_ll_gpio.o
 .text.LL_GPIO_SetPinOutputType
                0x08000b68       0x30 ./Drivers/STM32WBxx_HAL_Driver/Src/stm32wbxx_ll_gpio.o
 .text.LL_GPIO_SetPinSpeed
                0x08000b98       0x7a ./Drivers/STM32WBxx_HAL_Driver/Src/stm32wbxx_ll_gpio.o
 .text.LL_GPIO_SetPinPull
                0x08000c12       0x7a ./Drivers/STM32WBxx_HAL_Driver/Src/stm32wbxx_ll_gpio.o
 .text.LL_GPIO_SetAFPin_0_7
                0x08000c8c       0x7a ./Drivers/STM32WBxx_HAL_Driver/Src/stm32wbxx_ll_gpio.o
 .text.LL_GPIO_SetAFPin_8_15
                0x08000d06       0x7e ./Drivers/STM32WBxx_HAL_Driver/Src/stm32wbxx_ll_gpio.o
 .text.LL_GPIO_Init
                0x08000d84      0x278 ./Drivers/STM32WBxx_HAL_Driver/Src/stm32wbxx_ll_gpio.o
                0x08000d84                LL_GPIO_Init
 .text.LL_RCC_HSE_IsEnabledDiv2
                0x08000ffc       0x24 ./Drivers/STM32WBxx_HAL_Driver/Src/stm32wbxx_ll_rcc.o
 .text.LL_RCC_HSI_IsReady
                0x08001020       0x24 ./Drivers/STM32WBxx_HAL_Driver/Src/stm32wbxx_ll_rcc.o
 .text.LL_RCC_LSE_IsReady
                0x08001044       0x24 ./Drivers/STM32WBxx_HAL_Driver/Src/stm32wbxx_ll_rcc.o
 .text.LL_RCC_MSI_GetRange
                0x08001068       0x2a ./Drivers/STM32WBxx_HAL_Driver/Src/stm32wbxx_ll_rcc.o
 .text.LL_RCC_GetSysClkSource
                0x08001092       0x18 ./Drivers/STM32WBxx_HAL_Driver/Src/stm32wbxx_ll_rcc.o
 .text.LL_RCC_GetAHBPrescaler
                0x080010aa       0x18 ./Drivers/STM32WBxx_HAL_Driver/Src/stm32wbxx_ll_rcc.o
 .text.LL_RCC_GetAPB2Prescaler
                0x080010c2       0x18 ./Drivers/STM32WBxx_HAL_Driver/Src/stm32wbxx_ll_rcc.o
 .text.LL_RCC_GetUSARTClockSource
                0x080010da       0x20 ./Drivers/STM32WBxx_HAL_Driver/Src/stm32wbxx_ll_rcc.o
 .text.LL_RCC_PLL_GetN
                0x080010fa       0x1a ./Drivers/STM32WBxx_HAL_Driver/Src/stm32wbxx_ll_rcc.o
 .text.LL_RCC_PLL_GetR
                0x08001114       0x18 ./Drivers/STM32WBxx_HAL_Driver/Src/stm32wbxx_ll_rcc.o
 .text.LL_RCC_PLL_GetDivider
                0x0800112c       0x18 ./Drivers/STM32WBxx_HAL_Driver/Src/stm32wbxx_ll_rcc.o
 .text.LL_RCC_PLL_GetMainSource
                0x08001144       0x18 ./Drivers/STM32WBxx_HAL_Driver/Src/stm32wbxx_ll_rcc.o
 .text.LL_RCC_GetUSARTClockFreq
                0x0800115c       0x90 ./Drivers/STM32WBxx_HAL_Driver/Src/stm32wbxx_ll_rcc.o
                0x0800115c                LL_RCC_GetUSARTClockFreq
 .text.RCC_GetSystemClockFreq
                0x080011ec       0xb4 ./Drivers/STM32WBxx_HAL_Driver/Src/stm32wbxx_ll_rcc.o
 .text.RCC_GetHCLK1ClockFreq
                0x080012a0       0x2c ./Drivers/STM32WBxx_HAL_Driver/Src/stm32wbxx_ll_rcc.o
 .text.RCC_GetPCLK2ClockFreq
                0x080012cc       0x30 ./Drivers/STM32WBxx_HAL_Driver/Src/stm32wbxx_ll_rcc.o
 .text.RCC_PLL_GetFreqDomain_SYS
                0x080012fc       0xac ./Drivers/STM32WBxx_HAL_Driver/Src/stm32wbxx_ll_rcc.o
 .text.LL_USART_IsEnabled
                0x080013a8       0x26 ./Drivers/STM32WBxx_HAL_Driver/Src/stm32wbxx_ll_usart.o
 .text.LL_USART_SetPrescaler
                0x080013ce       0x28 ./Drivers/STM32WBxx_HAL_Driver/Src/stm32wbxx_ll_usart.o
 .text.LL_USART_SetStopBitsLength
                0x080013f6       0x26 ./Drivers/STM32WBxx_HAL_Driver/Src/stm32wbxx_ll_usart.o
 .text.LL_USART_SetHWFlowCtrl
                0x0800141c       0x26 ./Drivers/STM32WBxx_HAL_Driver/Src/stm32wbxx_ll_usart.o
 *fill*         0x08001442        0x2 
 .text.LL_USART_SetBaudRate
                0x08001444       0xa0 ./Drivers/STM32WBxx_HAL_Driver/Src/stm32wbxx_ll_usart.o
 .text.LL_USART_Init
                0x080014e4      0x23c ./Drivers/STM32WBxx_HAL_Driver/Src/stm32wbxx_ll_usart.o
                0x080014e4                LL_USART_Init
 .text.LL_InitTick
                0x08001720       0x34 ./Drivers/STM32WBxx_HAL_Driver/Src/stm32wbxx_ll_utils.o
 .text.LL_Init1msTick
                0x08001754       0x1a ./Drivers/STM32WBxx_HAL_Driver/Src/stm32wbxx_ll_utils.o
                0x08001754                LL_Init1msTick
 *fill*         0x0800176e        0x2 
 .text.LL_SetSystemCoreClock
                0x08001770       0x20 ./Drivers/STM32WBxx_HAL_Driver/Src/stm32wbxx_ll_utils.o
                0x08001770                LL_SetSystemCoreClock
 .text.memset   0x08001790       0x10 C:/ST/STM32CubeIDE_1.16.1/STM32CubeIDE/plugins/com.st.stm32cube.ide.mcu.externaltools.gnu-tools-for-stm32.12.3.rel1.win32_1.0.200.202406191623/tools/bin/../lib/gcc/arm-none-eabi/12.3.1/../../../../arm-none-eabi/lib/thumb/v7e-m+fp/hard\libc_nano.a(libc_a-memset.o)
                0x08001790                memset
 .text.__libc_init_array
                0x080017a0       0x48 C:/ST/STM32CubeIDE_1.16.1/STM32CubeIDE/plugins/com.st.stm32cube.ide.mcu.externaltools.gnu-tools-for-stm32.12.3.rel1.win32_1.0.200.202406191623/tools/bin/../lib/gcc/arm-none-eabi/12.3.1/../../../../arm-none-eabi/lib/thumb/v7e-m+fp/hard\libc_nano.a(libc_a-init.o)
                0x080017a0                __libc_init_array
 *(.glue_7)
 .glue_7        0x080017e8        0x0 linker stubs
 *(.glue_7t)
 .glue_7t       0x080017e8        0x0 linker stubs
 *(.eh_frame)
 .eh_frame      0x080017e8        0x0 C:/ST/STM32CubeIDE_1.16.1/STM32CubeIDE/plugins/com.st.stm32cube.ide.mcu.externaltools.gnu-tools-for-stm32.12.3.rel1.win32_1.0.200.202406191623/tools/bin/../lib/gcc/arm-none-eabi/12.3.1/thumb/v7e-m+fp/hard/crtbegin.o
 *(.init)
 .init          0x080017e8        0x4 C:/ST/STM32CubeIDE_1.16.1/STM32CubeIDE/plugins/com.st.stm32cube.ide.mcu.externaltools.gnu-tools-for-stm32.12.3.rel1.win32_1.0.200.202406191623/tools/bin/../lib/gcc/arm-none-eabi/12.3.1/thumb/v7e-m+fp/hard/crti.o
                0x080017e8                _init
 .init          0x080017ec        0x8 C:/ST/STM32CubeIDE_1.16.1/STM32CubeIDE/plugins/com.st.stm32cube.ide.mcu.externaltools.gnu-tools-for-stm32.12.3.rel1.win32_1.0.200.202406191623/tools/bin/../lib/gcc/arm-none-eabi/12.3.1/thumb/v7e-m+fp/hard/crtn.o
 *(.fini)
 .fini          0x080017f4        0x4 C:/ST/STM32CubeIDE_1.16.1/STM32CubeIDE/plugins/com.st.stm32cube.ide.mcu.externaltools.gnu-tools-for-stm32.12.3.rel1.win32_1.0.200.202406191623/tools/bin/../lib/gcc/arm-none-eabi/12.3.1/thumb/v7e-m+fp/hard/crti.o
                0x080017f4                _fini
 .fini          0x080017f8        0x8 C:/ST/STM32CubeIDE_1.16.1/STM32CubeIDE/plugins/com.st.stm32cube.ide.mcu.externaltools.gnu-tools-for-stm32.12.3.rel1.win32_1.0.200.202406191623/tools/bin/../lib/gcc/arm-none-eabi/12.3.1/thumb/v7e-m+fp/hard/crtn.o
                0x08001800                        . = ALIGN (0x4)
                0x08001800                        _etext = .

.vfp11_veneer   0x08001800        0x0
 .vfp11_veneer  0x08001800        0x0 linker stubs

.v4_bx          0x08001800        0x0
 .v4_bx         0x08001800        0x0 linker stubs

.iplt           0x08001800        0x0
 .iplt          0x08001800        0x0 C:/ST/STM32CubeIDE_1.16.1/STM32CubeIDE/plugins/com.st.stm32cube.ide.mcu.externaltools.gnu-tools-for-stm32.12.3.rel1.win32_1.0.200.202406191623/tools/bin/../lib/gcc/arm-none-eabi/12.3.1/thumb/v7e-m+fp/hard/crtbegin.o

.rodata         0x08001800      0x17c
                0x08001800                        . = ALIGN (0x4)
 *(.rodata)
 .rodata        0x08001800       0x38 ./Drivers/STM32WBxx_HAL_Driver/Src/stm32wbxx_ll_gpio.o
 .rodata        0x08001838       0x37 ./Drivers/STM32WBxx_HAL_Driver/Src/stm32wbxx_ll_rcc.o
 *fill*         0x0800186f        0x1 
 .rodata        0x08001870       0x39 ./Drivers/STM32WBxx_HAL_Driver/Src/stm32wbxx_ll_usart.o
 *(.rodata*)
 *fill*         0x080018a9        0x3 
 .rodata.AHBPrescTable
                0x080018ac       0x40 ./Core/Src/system_stm32wbxx.o
                0x080018ac                AHBPrescTable
 .rodata.APBPrescTable
                0x080018ec       0x20 ./Core/Src/system_stm32wbxx.o
                0x080018ec                APBPrescTable
 .rodata.MSIRangeTable
                0x0800190c       0x40 ./Core/Src/system_stm32wbxx.o
                0x0800190c                MSIRangeTable
 .rodata.USART_PRESCALER_TAB
                0x0800194c       0x30 ./Drivers/STM32WBxx_HAL_Driver/Src/stm32wbxx_ll_usart.o
                0x0800197c                        . = ALIGN (0x4)

.ARM.extab
 *(.ARM.extab* .gnu.linkonce.armextab.*)

.ARM            0x0800197c        0x0
                0x0800197c                        __exidx_start = .
 *(.ARM.exidx*)
                0x0800197c                        __exidx_end = .

.preinit_array  0x0800197c        0x0
                0x0800197c                        PROVIDE (__preinit_array_start = .)
 *(.preinit_array*)
                0x0800197c                        PROVIDE (__preinit_array_end = .)

.init_array     0x0800197c        0x4
                0x0800197c                        PROVIDE (__init_array_start = .)
 *(SORT_BY_NAME(.init_array.*))
 *(.init_array*)
 .init_array    0x0800197c        0x4 C:/ST/STM32CubeIDE_1.16.1/STM32CubeIDE/plugins/com.st.stm32cube.ide.mcu.externaltools.gnu-tools-for-stm32.12.3.rel1.win32_1.0.200.202406191623/tools/bin/../lib/gcc/arm-none-eabi/12.3.1/thumb/v7e-m+fp/hard/crtbegin.o
                0x08001980                        PROVIDE (__init_array_end = .)

.fini_array     0x08001980        0x4
                [!provide]                        PROVIDE (__fini_array_start = .)
 *(SORT_BY_NAME(.fini_array.*))
 *(.fini_array*)
 .fini_array    0x08001980        0x4 C:/ST/STM32CubeIDE_1.16.1/STM32CubeIDE/plugins/com.st.stm32cube.ide.mcu.externaltools.gnu-tools-for-stm32.12.3.rel1.win32_1.0.200.202406191623/tools/bin/../lib/gcc/arm-none-eabi/12.3.1/thumb/v7e-m+fp/hard/crtbegin.o
                [!provide]                        PROVIDE (__fini_array_end = .)
                0x08001984                        _sidata = LOADADDR (.data)

.rel.dyn        0x08001984        0x0
 .rel.iplt      0x08001984        0x0 C:/ST/STM32CubeIDE_1.16.1/STM32CubeIDE/plugins/com.st.stm32cube.ide.mcu.externaltools.gnu-tools-for-stm32.12.3.rel1.win32_1.0.200.202406191623/tools/bin/../lib/gcc/arm-none-eabi/12.3.1/thumb/v7e-m+fp/hard/crtbegin.o

.data           0x20000008        0x4 load address 0x08001984
                0x20000008                        . = ALIGN (0x4)
                0x20000008                        _sdata = .
 *(.data)
 *(.data*)
 .data.SystemCoreClock
                0x20000008        0x4 ./Core/Src/system_stm32wbxx.o
                0x20000008                SystemCoreClock
 *(.RamFunc)
 *(.RamFunc*)
                0x2000000c                        . = ALIGN (0x4)
                0x2000000c                        _edata = .

.igot.plt       0x2000000c        0x0 load address 0x08001988
 .igot.plt      0x2000000c        0x0 C:/ST/STM32CubeIDE_1.16.1/STM32CubeIDE/plugins/com.st.stm32cube.ide.mcu.externaltools.gnu-tools-for-stm32.12.3.rel1.win32_1.0.200.202406191623/tools/bin/../lib/gcc/arm-none-eabi/12.3.1/thumb/v7e-m+fp/hard/crtbegin.o
                0x2000000c                        . = ALIGN (0x4)

.bss            0x2000000c       0x1c load address 0x08001988
                0x2000000c                        _sbss = .
                0x2000000c                        __bss_start__ = _sbss
 *(.bss)
 .bss           0x2000000c       0x1c C:/ST/STM32CubeIDE_1.16.1/STM32CubeIDE/plugins/com.st.stm32cube.ide.mcu.externaltools.gnu-tools-for-stm32.12.3.rel1.win32_1.0.200.202406191623/tools/bin/../lib/gcc/arm-none-eabi/12.3.1/thumb/v7e-m+fp/hard/crtbegin.o
 *(.bss*)
 *(COMMON)
                0x20000028                        . = ALIGN (0x4)
                0x20000028                        _ebss = .
                0x20000028                        __bss_end__ = _ebss

._user_heap_stack
                0x20000028      0x600 load address 0x08001988
                0x20000028                        . = ALIGN (0x8)
                [!provide]                        PROVIDE (end = .)
                0x20000028                        PROVIDE (_end = .)
                0x20000228                        . = (. + _Min_Heap_Size)
 *fill*         0x20000028      0x200 
                0x20000628                        . = (. + _Min_Stack_Size)
 *fill*         0x20000228      0x400 
                0x20000628                        . = ALIGN (0x8)

/DISCARD/
 libc.a(*)
 libm.a(*)
 libgcc.a(*)

.ARM.attributes
                0x00000000       0x30
 *(.ARM.attributes)
 .ARM.attributes
                0x00000000       0x22 C:/ST/STM32CubeIDE_1.16.1/STM32CubeIDE/plugins/com.st.stm32cube.ide.mcu.externaltools.gnu-tools-for-stm32.12.3.rel1.win32_1.0.200.202406191623/tools/bin/../lib/gcc/arm-none-eabi/12.3.1/thumb/v7e-m+fp/hard/crti.o
 .ARM.attributes
                0x00000022       0x34 C:/ST/STM32CubeIDE_1.16.1/STM32CubeIDE/plugins/com.st.stm32cube.ide.mcu.externaltools.gnu-tools-for-stm32.12.3.rel1.win32_1.0.200.202406191623/tools/bin/../lib/gcc/arm-none-eabi/12.3.1/thumb/v7e-m+fp/hard/crtbegin.o
 .ARM.attributes
                0x00000056       0x34 ./Core/Src/main.o
 .ARM.attributes
                0x0000008a       0x34 ./Core/Src/stm32wbxx_it.o
 .ARM.attributes
                0x000000be       0x34 ./Core/Src/system_stm32wbxx.o
 .ARM.attributes
                0x000000f2       0x21 ./Core/Startup/startup_stm32wb55rgvx.o
 .ARM.attributes
                0x00000113       0x34 ./Drivers/STM32WBxx_HAL_Driver/Src/stm32wbxx_ll_gpio.o
 .ARM.attributes
                0x00000147       0x34 ./Drivers/STM32WBxx_HAL_Driver/Src/stm32wbxx_ll_rcc.o
 .ARM.attributes
                0x0000017b       0x34 ./Drivers/STM32WBxx_HAL_Driver/Src/stm32wbxx_ll_usart.o
 .ARM.attributes
                0x000001af       0x34 ./Drivers/STM32WBxx_HAL_Driver/Src/stm32wbxx_ll_utils.o
 .ARM.attributes
                0x000001e3       0x34 C:/ST/STM32CubeIDE_1.16.1/STM32CubeIDE/plugins/com.st.stm32cube.ide.mcu.externaltools.gnu-tools-for-stm32.12.3.rel1.win32_1.0.200.202406191623/tools/bin/../lib/gcc/arm-none-eabi/12.3.1/../../../../arm-none-eabi/lib/thumb/v7e-m+fp/hard\libc_nano.a(libc_a-memset.o)
 .ARM.attributes
                0x00000217       0x34 C:/ST/STM32CubeIDE_1.16.1/STM32CubeIDE/plugins/com.st.stm32cube.ide.mcu.externaltools.gnu-tools-for-stm32.12.3.rel1.win32_1.0.200.202406191623/tools/bin/../lib/gcc/arm-none-eabi/12.3.1/../../../../arm-none-eabi/lib/thumb/v7e-m+fp/hard\libc_nano.a(libc_a-init.o)
 .ARM.attributes
                0x0000024b       0x22 C:/ST/STM32CubeIDE_1.16.1/STM32CubeIDE/plugins/com.st.stm32cube.ide.mcu.externaltools.gnu-tools-for-stm32.12.3.rel1.win32_1.0.200.202406191623/tools/bin/../lib/gcc/arm-none-eabi/12.3.1/thumb/v7e-m+fp/hard/crtn.o

MAPPING_TABLE
 *(MAPPING_TABLE)

MB_MEM1
 *(MB_MEM1)
                0x08001988                        _siMB_MEM2 = LOADADDR (.MB_MEM2)

.MB_MEM2        0x20030000        0x0 load address 0x08001988
                0x20030000                        _sMB_MEM2 = .
 *(MB_MEM2)
                0x20030000                        _eMB_MEM2 = .
OUTPUT(Basic_Uart.elf elf32-littlearm)
LOAD linker stubs
LOAD C:/ST/STM32CubeIDE_1.16.1/STM32CubeIDE/plugins/com.st.stm32cube.ide.mcu.externaltools.gnu-tools-for-stm32.12.3.rel1.win32_1.0.200.202406191623/tools/bin/../lib/gcc/arm-none-eabi/12.3.1/../../../../arm-none-eabi/lib/thumb/v7e-m+fp/hard\libc.a
LOAD C:/ST/STM32CubeIDE_1.16.1/STM32CubeIDE/plugins/com.st.stm32cube.ide.mcu.externaltools.gnu-tools-for-stm32.12.3.rel1.win32_1.0.200.202406191623/tools/bin/../lib/gcc/arm-none-eabi/12.3.1/../../../../arm-none-eabi/lib/thumb/v7e-m+fp/hard\libm.a
LOAD C:/ST/STM32CubeIDE_1.16.1/STM32CubeIDE/plugins/com.st.stm32cube.ide.mcu.externaltools.gnu-tools-for-stm32.12.3.rel1.win32_1.0.200.202406191623/tools/bin/../lib/gcc/arm-none-eabi/12.3.1/thumb/v7e-m+fp/hard\libgcc.a

.debug_info     0x00000000     0x5046
 .debug_info    0x00000000     0x1500 ./Core/Src/main.o
 .debug_info    0x00001500      0x145 ./Core/Src/stm32wbxx_it.o
 .debug_info    0x00001645      0x6fc ./Core/Src/system_stm32wbxx.o
 .debug_info    0x00001d41       0x30 ./Core/Startup/startup_stm32wb55rgvx.o
 .debug_info    0x00001d71      0xaca ./Drivers/STM32WBxx_HAL_Driver/Src/stm32wbxx_ll_gpio.o
 .debug_info    0x0000283b     0x1039 ./Drivers/STM32WBxx_HAL_Driver/Src/stm32wbxx_ll_rcc.o
 .debug_info    0x00003874      0x892 ./Drivers/STM32WBxx_HAL_Driver/Src/stm32wbxx_ll_usart.o
 .debug_info    0x00004106      0xf40 ./Drivers/STM32WBxx_HAL_Driver/Src/stm32wbxx_ll_utils.o

.debug_abbrev   0x00000000      0xe6a
 .debug_abbrev  0x00000000      0x340 ./Core/Src/main.o
 .debug_abbrev  0x00000340       0x80 ./Core/Src/stm32wbxx_it.o
 .debug_abbrev  0x000003c0      0x13b ./Core/Src/system_stm32wbxx.o
 .debug_abbrev  0x000004fb       0x24 ./Core/Startup/startup_stm32wb55rgvx.o
 .debug_abbrev  0x0000051f      0x272 ./Drivers/STM32WBxx_HAL_Driver/Src/stm32wbxx_ll_gpio.o
 .debug_abbrev  0x00000791      0x247 ./Drivers/STM32WBxx_HAL_Driver/Src/stm32wbxx_ll_rcc.o
 .debug_abbrev  0x000009d8      0x211 ./Drivers/STM32WBxx_HAL_Driver/Src/stm32wbxx_ll_usart.o
 .debug_abbrev  0x00000be9      0x281 ./Drivers/STM32WBxx_HAL_Driver/Src/stm32wbxx_ll_utils.o

.debug_aranges  0x00000000      0x6d0
 .debug_aranges
                0x00000000      0x160 ./Core/Src/main.o
 .debug_aranges
                0x00000160       0x60 ./Core/Src/stm32wbxx_it.o
 .debug_aranges
                0x000001c0       0x28 ./Core/Src/system_stm32wbxx.o
 .debug_aranges
                0x000001e8       0x30 ./Core/Startup/startup_stm32wb55rgvx.o
 .debug_aranges
                0x00000218       0x70 ./Drivers/STM32WBxx_HAL_Driver/Src/stm32wbxx_ll_gpio.o
 .debug_aranges
                0x00000288      0x2a0 ./Drivers/STM32WBxx_HAL_Driver/Src/stm32wbxx_ll_rcc.o
 .debug_aranges
                0x00000528       0x78 ./Drivers/STM32WBxx_HAL_Driver/Src/stm32wbxx_ll_usart.o
 .debug_aranges
                0x000005a0      0x130 ./Drivers/STM32WBxx_HAL_Driver/Src/stm32wbxx_ll_utils.o

.debug_rnglists
                0x00000000      0x515
 .debug_rnglists
                0x00000000      0x105 ./Core/Src/main.o
 .debug_rnglists
                0x00000105       0x43 ./Core/Src/stm32wbxx_it.o
 .debug_rnglists
                0x00000148       0x1b ./Core/Src/system_stm32wbxx.o
 .debug_rnglists
                0x00000163       0x1f ./Core/Startup/startup_stm32wb55rgvx.o
 .debug_rnglists
                0x00000182       0x51 ./Drivers/STM32WBxx_HAL_Driver/Src/stm32wbxx_ll_gpio.o
 .debug_rnglists
                0x000001d3      0x205 ./Drivers/STM32WBxx_HAL_Driver/Src/stm32wbxx_ll_rcc.o
 .debug_rnglists
                0x000003d8       0x58 ./Drivers/STM32WBxx_HAL_Driver/Src/stm32wbxx_ll_usart.o
 .debug_rnglists
                0x00000430       0xe5 ./Drivers/STM32WBxx_HAL_Driver/Src/stm32wbxx_ll_utils.o

.debug_macro    0x00000000    0x187e0
 .debug_macro   0x00000000      0x15d ./Core/Src/main.o
 .debug_macro   0x0000015d      0xafc ./Core/Src/main.o
 .debug_macro   0x00000c59       0x2e ./Core/Src/main.o
 .debug_macro   0x00000c87       0x2e ./Core/Src/main.o
 .debug_macro   0x00000cb5       0x22 ./Core/Src/main.o
 .debug_macro   0x00000cd7       0x8e ./Core/Src/main.o
 .debug_macro   0x00000d65       0x51 ./Core/Src/main.o
 .debug_macro   0x00000db6      0x103 ./Core/Src/main.o
 .debug_macro   0x00000eb9       0x6a ./Core/Src/main.o
 .debug_macro   0x00000f23      0x1df ./Core/Src/main.o
 .debug_macro   0x00001102       0x1c ./Core/Src/main.o
 .debug_macro   0x0000111e       0x22 ./Core/Src/main.o
 .debug_macro   0x00001140       0xfb ./Core/Src/main.o
 .debug_macro   0x0000123b     0x1011 ./Core/Src/main.o
 .debug_macro   0x0000224c      0x11f ./Core/Src/main.o
 .debug_macro   0x0000236b    0x12adb ./Core/Src/main.o
 .debug_macro   0x00014e46       0x6c ./Core/Src/main.o
 .debug_macro   0x00014eb2       0xde ./Core/Src/main.o
 .debug_macro   0x00014f90      0x883 ./Core/Src/main.o
 .debug_macro   0x00015813      0x259 ./Core/Src/main.o
 .debug_macro   0x00015a6c      0x557 ./Core/Src/main.o
 .debug_macro   0x00015fc3      0x175 ./Core/Src/main.o
 .debug_macro   0x00016138      0x1a8 ./Core/Src/main.o
 .debug_macro   0x000162e0       0x45 ./Core/Src/main.o
 .debug_macro   0x00016325      0x381 ./Core/Src/main.o
 .debug_macro   0x000166a6      0x3f5 ./Core/Src/main.o
 .debug_macro   0x00016a9b      0x28d ./Core/Src/main.o
 .debug_macro   0x00016d28      0x40f ./Core/Src/main.o
 .debug_macro   0x00017137      0x14d ./Core/Src/main.o
 .debug_macro   0x00017284       0x10 ./Core/Src/main.o
 .debug_macro   0x00017294       0x22 ./Core/Src/main.o
 .debug_macro   0x000172b6      0x167 ./Core/Src/stm32wbxx_it.o
 .debug_macro   0x0001741d       0xd3 ./Core/Src/system_stm32wbxx.o
 .debug_macro   0x000174f0      0x112 ./Drivers/STM32WBxx_HAL_Driver/Src/stm32wbxx_ll_gpio.o
 .debug_macro   0x00017602      0x147 ./Drivers/STM32WBxx_HAL_Driver/Src/stm32wbxx_ll_gpio.o
 .debug_macro   0x00017749      0x11b ./Drivers/STM32WBxx_HAL_Driver/Src/stm32wbxx_ll_rcc.o
 .debug_macro   0x00017864      0x87d ./Drivers/STM32WBxx_HAL_Driver/Src/stm32wbxx_ll_rcc.o
 .debug_macro   0x000180e1      0x14b ./Drivers/STM32WBxx_HAL_Driver/Src/stm32wbxx_ll_usart.o
 .debug_macro   0x0001822c      0x409 ./Drivers/STM32WBxx_HAL_Driver/Src/stm32wbxx_ll_usart.o
 .debug_macro   0x00018635      0x16c ./Drivers/STM32WBxx_HAL_Driver/Src/stm32wbxx_ll_utils.o
 .debug_macro   0x000187a1       0x3f ./Drivers/STM32WBxx_HAL_Driver/Src/stm32wbxx_ll_utils.o

.debug_line     0x00000000     0x4db9
 .debug_line    0x00000000      0xca6 ./Core/Src/main.o
 .debug_line    0x00000ca6      0x70f ./Core/Src/stm32wbxx_it.o
 .debug_line    0x000013b5      0x5ac ./Core/Src/system_stm32wbxx.o
 .debug_line    0x00001961       0x83 ./Core/Startup/startup_stm32wb55rgvx.o
 .debug_line    0x000019e4      0x967 ./Drivers/STM32WBxx_HAL_Driver/Src/stm32wbxx_ll_gpio.o
 .debug_line    0x0000234b     0x146f ./Drivers/STM32WBxx_HAL_Driver/Src/stm32wbxx_ll_rcc.o
 .debug_line    0x000037ba      0x868 ./Drivers/STM32WBxx_HAL_Driver/Src/stm32wbxx_ll_usart.o
 .debug_line    0x00004022      0xd97 ./Drivers/STM32WBxx_HAL_Driver/Src/stm32wbxx_ll_utils.o

.debug_str      0x00000000    0x8b0bc
 .debug_str     0x00000000    0x883e4 ./Core/Src/main.o
                              0x886a6 (size before relaxing)
 .debug_str     0x000883e4       0xbd ./Core/Src/stm32wbxx_it.o
                              0x879db (size before relaxing)
 .debug_str     0x000884a1       0xb7 ./Core/Src/system_stm32wbxx.o
                              0x773dd (size before relaxing)
 .debug_str     0x00088558       0x44 ./Core/Startup/startup_stm32wb55rgvx.o
                                 0x6f (size before relaxing)
 .debug_str     0x0008859c      0x66c ./Drivers/STM32WBxx_HAL_Driver/Src/stm32wbxx_ll_gpio.o
                              0x791d9 (size before relaxing)
 .debug_str     0x00088c08      0xca6 ./Drivers/STM32WBxx_HAL_Driver/Src/stm32wbxx_ll_rcc.o
                              0x7ca07 (size before relaxing)
 .debug_str     0x000898ae      0xa8f ./Drivers/STM32WBxx_HAL_Driver/Src/stm32wbxx_ll_usart.o
                              0x7f1bb (size before relaxing)
 .debug_str     0x0008a33d      0xd7f ./Drivers/STM32WBxx_HAL_Driver/Src/stm32wbxx_ll_utils.o
                              0x8098a (size before relaxing)

.comment        0x00000000       0x43
 .comment       0x00000000       0x43 ./Core/Src/main.o
                                 0x44 (size before relaxing)
 .comment       0x00000043       0x44 ./Core/Src/stm32wbxx_it.o
 .comment       0x00000043       0x44 ./Core/Src/system_stm32wbxx.o
 .comment       0x00000043       0x44 ./Drivers/STM32WBxx_HAL_Driver/Src/stm32wbxx_ll_gpio.o
 .comment       0x00000043       0x44 ./Drivers/STM32WBxx_HAL_Driver/Src/stm32wbxx_ll_rcc.o
 .comment       0x00000043       0x44 ./Drivers/STM32WBxx_HAL_Driver/Src/stm32wbxx_ll_usart.o
 .comment       0x00000043       0x44 ./Drivers/STM32WBxx_HAL_Driver/Src/stm32wbxx_ll_utils.o

.debug_frame    0x00000000     0x1b58
 .debug_frame   0x00000000      0x5e4 ./Core/Src/main.o
 .debug_frame   0x000005e4      0x108 ./Core/Src/stm32wbxx_it.o
 .debug_frame   0x000006ec       0x58 ./Core/Src/system_stm32wbxx.o
 .debug_frame   0x00000744      0x1c4 ./Drivers/STM32WBxx_HAL_Driver/Src/stm32wbxx_ll_gpio.o
 .debug_frame   0x00000908      0xb24 ./Drivers/STM32WBxx_HAL_Driver/Src/stm32wbxx_ll_rcc.o
 .debug_frame   0x0000142c      0x1e8 ./Drivers/STM32WBxx_HAL_Driver/Src/stm32wbxx_ll_usart.o
 .debug_frame   0x00001614      0x4f8 ./Drivers/STM32WBxx_HAL_Driver/Src/stm32wbxx_ll_utils.o
 .debug_frame   0x00001b0c       0x20 C:/ST/STM32CubeIDE_1.16.1/STM32CubeIDE/plugins/com.st.stm32cube.ide.mcu.externaltools.gnu-tools-for-stm32.12.3.rel1.win32_1.0.200.202406191623/tools/bin/../lib/gcc/arm-none-eabi/12.3.1/../../../../arm-none-eabi/lib/thumb/v7e-m+fp/hard\libc_nano.a(libc_a-memset.o)
 .debug_frame   0x00001b2c       0x2c C:/ST/STM32CubeIDE_1.16.1/STM32CubeIDE/plugins/com.st.stm32cube.ide.mcu.externaltools.gnu-tools-for-stm32.12.3.rel1.win32_1.0.200.202406191623/tools/bin/../lib/gcc/arm-none-eabi/12.3.1/../../../../arm-none-eabi/lib/thumb/v7e-m+fp/hard\libc_nano.a(libc_a-init.o)

.debug_line_str
                0x00000000       0x53
 .debug_line_str
                0x00000000       0x53 ./Core/Startup/startup_stm32wb55rgvx.o
